\BOOKMARK [1][-]{section*.1}{\376\377\000A\000b\000s\000t\000r\000a\000c\000t}{}% 1
\BOOKMARK [1][-]{section.1}{\376\377\0001\000\040\000I\000n\000t\000r\000o\000d\000u\000c\000t\000i\000o\000n}{}% 2
\BOOKMARK [1][-]{section.2}{\376\377\0002\000\040\000R\000e\000p\000o\000s\000i\000t\000o\000r\000y\000\040\000O\000v\000e\000r\000v\000i\000e\000w}{}% 3
\BOOKMARK [1][-]{section.3}{\376\377\0003\000\040\000W\000o\000r\000d\000s\000\040\000R\000a\000t\000h\000e\000r\000\040\000T\000h\000a\000n\000\040\000L\000i\000s\000t\000s}{}% 4
\BOOKMARK [1][-]{section.4}{\376\377\0004\000\040\000P\000r\000e\000s\000e\000n\000t\000a\000t\000i\000o\000n\000\040\000C\000l\000o\000s\000u\000r\000e}{}% 5
\BOOKMARK [1][-]{section.5}{\376\377\0005\000\040\000F\000i\000n\000i\000t\000e\000\040\000F\000i\000e\000l\000d\000s}{}% 6
\BOOKMARK [1][-]{section.6}{\376\377\0006\000\040\000C\000l\000i\000f\000f\000o\000r\000d\000\040\000G\000e\000n\000e\000r\000a\000t\000o\000r\000s}{}% 7
\BOOKMARK [1][-]{section.7}{\376\377\0007\000\040\000C\000o\000m\000p\000r\000e\000h\000e\000n\000s\000i\000v\000e\000\040\000R\000e\000l\000a\000t\000i\000o\000n\000s}{}% 8
\BOOKMARK [1][-]{section.8}{\376\377\0008\000\040\000S\000i\000m\000p\000l\000i\000f\000i\000e\000d\000\040\000a\000n\000d\000\040\000D\000e\000r\000i\000v\000e\000d\000\040\000P\000r\000e\000s\000e\000n\000t\000a\000t\000i\000o\000n\000s}{}% 9
\BOOKMARK [1][-]{section.9}{\376\377\0009\000\040\000P\000a\000u\000l\000i\000\040\000A\000c\000t\000i\000o\000n}{}% 10
\BOOKMARK [1][-]{section.10}{\376\377\0001\0000\000\040\000B\000o\000x\000e\000s\000\040\000a\000n\000d\000\040\000N\000o\000r\000m\000a\000l\000\040\000F\000o\000r\000m\000s}{}% 11
\BOOKMARK [1][-]{section.11}{\376\377\0001\0001\000\040\000B\000o\000x\000\040\000R\000e\000l\000a\000t\000i\000o\000n\000s}{}% 12
\BOOKMARK [1][-]{section.12}{\376\377\0001\0002\000\040\000E\000x\000a\000m\000p\000l\000e\000:\000\040\000T\000h\000e\000\040\000E\000\040\000R\000u\000l\000e}{}% 13
\BOOKMARK [1][-]{section.13}{\376\377\0001\0003\000\040\000G\000e\000n\000e\000r\000i\000c\000\040\000P\000r\000e\000s\000e\000n\000t\000a\000t\000i\000o\000n\000\040\000M\000a\000c\000h\000i\000n\000e\000r\000y}{}% 14
\BOOKMARK [1][-]{section.14}{\376\377\0001\0004\000\040\000A\000r\000t\000i\000f\000a\000c\000t\000\040\000B\000o\000u\000n\000d\000a\000r\000y}{}% 15
\BOOKMARK [1][-]{section.15}{\376\377\0001\0005\000\040\000T\000r\000u\000s\000t\000e\000d\000\040\000C\000o\000m\000p\000u\000t\000i\000n\000g\000\040\000B\000a\000s\000e}{}% 16
\BOOKMARK [1][-]{section.16}{\376\377\0001\0006\000\040\000H\000o\000w\000\040\000t\000o\000\040\000R\000e\000a\000d\000\040\000t\000h\000e\000\040\000C\000o\000d\000e}{}% 17
\BOOKMARK [1][-]{section.17}{\376\377\0001\0007\000\040\000R\000e\000l\000a\000t\000e\000d\000\040\000W\000o\000r\000k}{}% 18
\BOOKMARK [1][-]{section.18}{\376\377\0001\0008\000\040\000C\000o\000n\000c\000l\000u\000s\000i\000o\000n}{}% 19
\BOOKMARK [1][-]{section*.8}{\376\377\000R\000e\000f\000e\000r\000e\000n\000c\000e\000s}{}% 20
